================================================================================
Test: LaTeX Formatter Healer
================================================================================

[Original Code]

def generate(level=1, **kwargs):
    n1 = -26
    n2 = 29
    n3 = -12
    n4 = -6
    
    op_latex = {'+': '+', '-': '-', '*': '\\times', '/': '\\div'}
    math_expr_str = f'[ {fmt_num(n1)} + {fmt_num(n2)} ] \\times {fmt_num(n3)} \\times {fmt_num(n4)}'
    q = f'閮? {math_expr_str} ?潦?

    def clean_latex_output(s):
        return s.replace('[', '$[').replace(']', ']$')
    q = clean_latex_output(q)
    a = str(final_answer)
    return {'question_text': q, 'correct_answer': a, 'answer': a, 'mode': 1}

============================================================
? [Complexity Checker] ?菜葫?啣?賣摰撖衣 MASTER_SPEC:
   ??  ???賊?撠? ???0 ???貊???
   ??  ?芯蝙?典??? ?航?函?湔
   撱箄降瑼Ｘ: MASTER_SPEC ??complexity_requirements ??implementation_checklist
============================================================
? [LaTeX Formatter] ?菜葫?唬?甇?Ⅱ??clean_latex_output ?賣嚗迤?函宏??..
? [LaTeX Formatter] ?菜葫??clean_latex_output(q) 隤輻嚗迤?函宏??..
? [LaTeX Formatter] ?菜葫??math_expr_str 銝剔??寞??頧??箏??祈?...

================================================================================
[Result] 4 fixes applied
================================================================================

[Fixed Code]

def generate(level=1, **kwargs):
    n1 = -26
    n2 = 29
    n3 = -12
    n4 = -6
    
    op_latex = {'+': '+', '-': '-', '*': '\\times', '/': '\\div'}
    math_expr_str = f'( {fmt_num(n1)} + {fmt_num(n2)} ] \\times {fmt_num(n3)} \\times {fmt_num(n4)}'
    q = f'閮? {math_expr_str} ?潦?

    # [Auto-Removed] Incorrect clean_latex_output definition

    a = str(final_answer)
    return {'question_text': q, 'correct_answer': a, 'answer': a, 'mode': 1}


================================================================================
[Verification]
================================================================================
??clean_latex_output function removed: True
??clean_latex_output call removed: True
??Total fixes: 4
